{"returns":[{"id":1,"name":"Tim","home":3},{"id":2,"name":"Kim","home":5},{"id":3,"name":"Pam","home":6},{"id":4,"name":"Tom","home":5},{"id":5,"name":"Pat","home":9}]}
