{"returns":[{"rank":0,"elements":0,"selected":0}]}
